
> bilibili-live-gift-panel@0.4.10 build:ui
> vite build

vite v5.4.21 building for production...
transforming...
✓ 95 modules transformed.
rendering chunks...
[plugin vite:singlefile] 

[plugin vite:singlefile] NOTE: asset not inlined: modules/_virtual/modulepreload-polyfill-B5Qt9EMX.js
[plugin vite:singlefile] NOTE: asset not inlined: modules/main-pH0iYCSb.js
[plugin vite:singlefile] NOTE: asset not inlined: modules/ui/display/display-C8Qo-pcr.js
[plugin vite:singlefile] NOTE: asset not inlined: modules/ui/brand-DcmA5Mit.js
[plugin vite:singlefile] NOTE: asset not inlined: modules/runtime/bootstrap-tbXA3BTW.js
[plugin vite:singlefile] NOTE: asset not inlined: modules/storage-DmcLyYfq.js
[plugin vite:singlefile] NOTE: asset not inlined: modules/backend-CBWJCFQJ.js
[plugin vite:singlefile] NOTE: asset not inlined: modules/server-continuity-BJNEw_k3.js
[plugin vite:singlefile] NOTE: asset not inlined: modules/ui/config/config-entry-C61OK9Bc.js
[plugin vite:singlefile] NOTE: asset not inlined: modules/_virtual/preload-helper-1kueVrz7.js
[plugin vite:singlefile] NOTE: asset not inlined: modules/ui/config/config.css-DYSk_NVI.js
[plugin vite:singlefile] NOTE: asset not inlined: modules/ui/config/config-Db_GwMFo.js
[plugin vite:singlefile] NOTE: asset not inlined: modules/obs-outputs-DanYShUz.js
[plugin vite:singlefile] NOTE: asset not inlined: modules/assets/brand.svg-Bxd9Yqtk.js
[plugin vite:singlefile] NOTE: asset not inlined: modules/changelog-ByQ0YlC2.js
[plugin vite:singlefile] NOTE: asset not inlined: modules/format-19plKjjc.js
[plugin vite:singlefile] NOTE: asset not inlined: modules/gifts/catalog-D3i-41Je.js
[plugin vite:singlefile] NOTE: asset not inlined: modules/types-DKpUgom-.js
[plugin vite:singlefile] NOTE: asset not inlined: modules/display-themes-qguGll-T.js
[plugin vite:singlefile] NOTE: asset not inlined: modules/ui/common-h3n1fWSn.js
[plugin vite:singlefile] NOTE: asset not inlined: modules/ui/display/broadcast-queue-C8kDcx0v.js
[plugin vite:singlefile] NOTE: asset not inlined: modules/display-scenes-Biqe16XK.js
[plugin vite:singlefile] NOTE: asset not inlined: modules/activities-_hrzS3S6.js
[plugin vite:singlefile] NOTE: asset not inlined: modules/ui/display/display-host-D8-1mgjn.js
[plugin vite:singlefile] NOTE: asset not inlined: modules/training-D1PvfnBW.js
[plugin vite:singlefile] NOTE: asset not inlined: modules/output-config-BdNXbCvN.js
[plugin vite:singlefile] NOTE: asset not inlined: modules/gift-targets-BjgcyI56.js
[plugin vite:singlefile] NOTE: asset not inlined: modules/ui/config/gift-clip-crop-DYFVdkip.js
[plugin vite:singlefile] NOTE: asset not inlined: modules/gift-panel-changelog.json-NRtYUVga.js
[plugin vite:singlefile] NOTE: asset not inlined: modules/ui/display/blind-box-display-BQPlK2fG.js
[plugin vite:singlefile] NOTE: asset not inlined: modules/ui/display/gift-kpi-display-Tfx4KcAP.js
[plugin vite:singlefile] NOTE: asset not inlined: modules/data/gift-catalog.json-CTh7OA18.js
[plugin vite:singlefile] NOTE: asset not inlined: modules/gifts/special-events-Bs3y0zoF.js
[plugin vite:singlefile] NOTE: asset not inlined: modules/blind-box-leaderboard-resource-dnq0SkL5.js
[plugin vite:singlefile] NOTE: asset not inlined: modules/currency-Bf1kUPLO.js
[plugin vite:singlefile] NOTE: asset not inlined: modules/migration-FIS5gLWt.js
[plugin vite:singlefile] NOTE: asset not inlined: modules/package.json-Kp72lkf7.js
[plugin vite:singlefile] NOTE: asset not inlined: modules/formula-presets-0LYqYst6.js
[plugin vite:singlefile] NOTE: asset not inlined: modules/ui/config/attribute-time-value-5Dqa6512.js
[plugin vite:singlefile] NOTE: asset not inlined: modules/gift-rule-conditions-BnsWtjR7.js
[plugin vite:singlefile] NOTE: asset not inlined: modules/ui/config/wizard-23-JdBI2.js
[plugin vite:singlefile] NOTE: asset not inlined: modules/ui/config/spotlight-guide-BDZByTTy.js
[plugin vite:singlefile] NOTE: asset not inlined: modules/ui/config/attribute-workspace-BDEK0p9S.js
[plugin vite:singlefile] NOTE: asset not inlined: modules/ui/config/attribute-edit-api-BRuiqUg2.js
[plugin vite:singlefile] NOTE: asset not inlined: modules/ui/config/template-wizard-B8tW14Bv.js
[plugin vite:singlefile] NOTE: asset not inlined: modules/ui/config/activity-workspace-DsyBawAf.js
[plugin vite:singlefile] NOTE: asset not inlined: modules/ui/config/training-center-DB3g935v.js
[plugin vite:singlefile] NOTE: asset not inlined: modules/ui/config/changelog-dialog-BWaD3Ocf.js
[plugin vite:singlefile] NOTE: asset not inlined: modules/ui/config/two-step-delete-DgCQH64c.js
[plugin vite:singlefile] NOTE: asset not inlined: modules/ui/config/config-route-CHWHrYYM.js
[plugin vite:singlefile] NOTE: asset not inlined: modules/ui/config/config-shell-C9BZU_9G.js
[plugin vite:singlefile] NOTE: asset not inlined: modules/ui/config/gift-picker-BRyC0zO9.js
[plugin vite:singlefile] NOTE: asset not inlined: modules/simple-play-C_H-DchS.js
[plugin vite:singlefile] NOTE: asset not inlined: modules/ui/config/simple-mode-Ns1kneYn.js
[plugin vite:singlefile] NOTE: asset not inlined: modules/ui/config/gift-clip-animation-key-5Twua3ur.js
[plugin vite:singlefile] NOTE: asset not inlined: modules/ui/config/gift-clip-studio-controller-BkR6XeyS.js
[plugin vite:singlefile] NOTE: asset not inlined: modules/gift-rule-operations-DDrXAEkH.js
[plugin vite:singlefile] NOTE: asset not inlined: modules/ui/config/attribute-edit-lease-CdwL9E4y.js
[plugin vite:singlefile] NOTE: asset not inlined: modules/gameplay-templates-DwLXsZsG.js
[plugin vite:singlefile] NOTE: asset not inlined: modules/migration-gameplay-units-BruA404r.js
[plugin vite:singlefile] NOTE: asset not inlined: modules/ui/config/gift-clip-crop-editor-B4N-V6ls.js
[plugin vite:singlefile] NOTE: asset not inlined: modules/ui/config/gift-clip-download-CeOk_zgt.js
[plugin vite:singlefile] NOTE: asset not inlined: modules/ui/config/gift-clip-export-api-DouznzzO.js
[plugin vite:singlefile] NOTE: asset not inlined: modules/ui/config/gift-clip-export-layers-ePqfjoJK.js
[plugin vite:singlefile] NOTE: asset not inlined: modules/ui/config/gift-clip-media-CmxD15Z1.js
[plugin vite:singlefile] NOTE: asset not inlined: modules/ui/config/gift-clip-renderer-BAy3v4zX.js
[plugin vite:singlefile] NOTE: asset not inlined: modules/ui/config/gift-clip-studio-view-DTJo-cko.js
[plugin vite:singlefile] NOTE: asset not inlined: modules/formula/index-BCSGDyX9.js
[plugin vite:singlefile] NOTE: asset not inlined: modules/duration-D-YWoYDn.js
[plugin vite:singlefile] NOTE: asset not inlined: modules/ui/config/gift-clip-info-bar-QA8ZiuJb.js
[plugin vite:singlefile] NOTE: asset not inlined: modules/formula/parser-CetFlNDj.js
[plugin vite:singlefile] NOTE: asset not inlined: modules/formula/errors-BiLAtgDB.js
[plugin vite:singlefile] NOTE: asset not inlined: modules/node_modules/gifuct-js/lib/index-hFuj1vf2.js
[plugin vite:singlefile] NOTE: asset not inlined: modules/node_modules/js-binary-schema-parser/lib/schemas/gif-GNiiqw48.js
[plugin vite:singlefile] NOTE: asset not inlined: modules/node_modules/js-binary-schema-parser/lib/index-CldPJPSX.js
[plugin vite:singlefile] NOTE: asset not inlined: modules/node_modules/js-binary-schema-parser/lib/parsers/uint8-BojI3Ccz.js
[plugin vite:singlefile] NOTE: asset not inlined: modules/node_modules/gifuct-js/lib/deinterlace-D6p0bRek.js
[plugin vite:singlefile] NOTE: asset not inlined: modules/node_modules/gifuct-js/lib/lzw-BjBPQ71Y.js
[plugin vite:singlefile] NOTE: asset not inlined: modules/formula/tokenizer-C70hF6LH.js
[plugin vite:singlefile] NOTE: asset not inlined: modules/_virtual/index-i4wlh1Me.js
[plugin vite:singlefile] NOTE: asset not inlined: modules/_virtual/gif-i4wlh1Me.js
[plugin vite:singlefile] NOTE: asset not inlined: modules/_virtual/index-SOLkZPqH.js
[plugin vite:singlefile] NOTE: asset not inlined: modules/_virtual/uint8-i4wlh1Me.js
[plugin vite:singlefile] NOTE: asset not inlined: modules/_virtual/deinterlace-LDixhT4u.js
[plugin vite:singlefile] NOTE: asset not inlined: modules/_virtual/lzw-i4wlh1Me.js
[plugin vite:singlefile] Inlining: assets/style-q6472e_2.css
[plugin vite:singlefile] NOTE: asset not inlined: assets/rpg-forged-texture-BcMyEjBB.webp
computing gzip size...
dist/assets/rpg-forged-texture-BcMyEjBB.webp                                      28.51 kB
dist/index.html                                                                   35.43 kB │ gzip:  6.95 kB
dist/modules/_virtual/index-i4wlh1Me.js                                            0.03 kB │ gzip:  0.05 kB
dist/modules/_virtual/gif-i4wlh1Me.js                                              0.03 kB │ gzip:  0.05 kB
dist/modules/_virtual/index-SOLkZPqH.js                                            0.03 kB │ gzip:  0.05 kB
dist/modules/_virtual/uint8-i4wlh1Me.js                                            0.03 kB │ gzip:  0.05 kB
dist/modules/_virtual/deinterlace-LDixhT4u.js                                      0.03 kB │ gzip:  0.05 kB
dist/modules/_virtual/lzw-i4wlh1Me.js                                              0.03 kB │ gzip:  0.05 kB
dist/modules/types-DKpUgom-.js                                                     0.06 kB │ gzip:  0.07 kB
dist/modules/ui/config/config-entry-C61OK9Bc.js                                    0.17 kB │ gzip:  0.14 kB
dist/modules/formula/errors-BiLAtgDB.js                                            0.17 kB │ gzip:  0.17 kB
dist/modules/duration-D-YWoYDn.js                                                  0.20 kB │ gzip:  0.18 kB
dist/modules/formula/index-BCSGDyX9.js                                             0.27 kB │ gzip:  0.22 kB
dist/modules/gift-panel-changelog.json-NRtYUVga.js                                 0.38 kB │ gzip:  0.58 kB
dist/modules/ui/display/display-host-D8-1mgjn.js                                   0.39 kB │ gzip:  0.26 kB
dist/modules/node_modules/gifuct-js/lib/deinterlace-D6p0bRek.js                    0.41 kB │ gzip:  0.31 kB
dist/modules/server-continuity-BJNEw_k3.js                                         0.42 kB │ gzip:  0.42 kB
dist/modules/ui/config/two-step-delete-DgCQH64c.js                                 0.47 kB │ gzip:  0.30 kB
dist/modules/ui/config/gift-clip-animation-key-5Twua3ur.js                         0.52 kB │ gzip:  0.38 kB
dist/modules/format-19plKjjc.js                                                    0.55 kB │ gzip:  0.34 kB
dist/modules/currency-Bf1kUPLO.js                                                  0.57 kB │ gzip:  0.31 kB
dist/modules/blind-box-leaderboard-resource-dnq0SkL5.js                            0.62 kB │ gzip:  0.37 kB
dist/modules/ui/brand-DcmA5Mit.js                                                  0.64 kB │ gzip:  0.39 kB
dist/modules/gift-targets-BjgcyI56.js                                              0.66 kB │ gzip:  0.34 kB
dist/modules/ui/config/gift-clip-download-CeOk_zgt.js                              0.66 kB │ gzip:  0.44 kB
dist/modules/_virtual/modulepreload-polyfill-B5Qt9EMX.js                           0.71 kB │ gzip:  0.40 kB
dist/modules/assets/brand.svg-Bxd9Yqtk.js                                          0.75 kB │ gzip:  0.44 kB
dist/modules/node_modules/gifuct-js/lib/lzw-BjBPQ71Y.js                            0.75 kB │ gzip:  0.50 kB
dist/modules/gift-rule-conditions-BnsWtjR7.js                                      0.77 kB │ gzip:  0.48 kB
dist/modules/node_modules/js-binary-schema-parser/lib/index-CldPJPSX.js            0.77 kB │ gzip:  0.43 kB
dist/modules/runtime/bootstrap-tbXA3BTW.js                                         0.80 kB │ gzip:  0.46 kB
dist/modules/ui/config/gift-clip-export-layers-ePqfjoJK.js                         0.87 kB │ gzip:  0.56 kB
dist/modules/formula/tokenizer-C70hF6LH.js                                         0.90 kB │ gzip:  0.45 kB
dist/modules/_virtual/preload-helper-1kueVrz7.js                                   1.12 kB │ gzip:  0.68 kB
dist/modules/gifts/catalog-D3i-41Je.js                                             1.15 kB │ gzip:  0.61 kB
dist/modules/ui/config/attribute-time-value-5Dqa6512.js                            1.20 kB │ gzip:  0.70 kB
dist/modules/formula-presets-0LYqYst6.js                                           1.21 kB │ gzip:  0.73 kB
dist/modules/ui/config/config-route-CHWHrYYM.js                                    1.23 kB │ gzip:  0.74 kB
dist/modules/formula/parser-CetFlNDj.js                                            1.24 kB │ gzip:  0.63 kB
dist/modules/ui/display/broadcast-queue-C8kDcx0v.js                                1.26 kB │ gzip:  0.51 kB
dist/modules/ui/config/gift-clip-info-bar-QA8ZiuJb.js                              1.26 kB │ gzip:  0.58 kB
dist/modules/display-themes-qguGll-T.js                                            1.31 kB │ gzip:  0.95 kB
dist/modules/node_modules/js-binary-schema-parser/lib/parsers/uint8-BojI3Ccz.js    1.42 kB │ gzip:  0.65 kB
dist/modules/gifts/special-events-Bs3y0zoF.js                                      1.49 kB │ gzip:  0.87 kB
dist/modules/output-config-BdNXbCvN.js                                             1.57 kB │ gzip:  0.78 kB
dist/modules/changelog-ByQ0YlC2.js                                                 1.60 kB │ gzip:  0.75 kB
dist/modules/display-scenes-Biqe16XK.js                                            1.87 kB │ gzip:  1.17 kB
dist/modules/node_modules/gifuct-js/lib/index-hFuj1vf2.js                          2.04 kB │ gzip:  0.91 kB
dist/modules/package.json-Kp72lkf7.js                                              2.08 kB │ gzip:  0.81 kB
dist/modules/ui/config/attribute-workspace-BDEK0p9S.js                             2.30 kB │ gzip:  1.20 kB
dist/modules/ui/display/gift-kpi-display-Tfx4KcAP.js                               2.43 kB │ gzip:  1.25 kB
dist/modules/ui/config/gift-clip-crop-DYFVdkip.js                                  2.47 kB │ gzip:  1.06 kB
dist/modules/ui/config/gift-clip-renderer-BAy3v4zX.js                              2.47 kB │ gzip:  1.11 kB
dist/modules/ui/config/wizard-23-JdBI2.js                                          2.64 kB │ gzip:  1.52 kB
dist/modules/ui/config/config-shell-C9BZU_9G.js                                    2.67 kB │ gzip:  1.35 kB
dist/modules/ui/config/gift-clip-studio-view-DTJo-cko.js                           2.68 kB │ gzip:  1.23 kB
dist/modules/ui/config/changelog-dialog-BWaD3Ocf.js                                2.70 kB │ gzip:  1.35 kB
dist/modules/ui/config/attribute-edit-api-BRuiqUg2.js                              2.72 kB │ gzip:  1.24 kB
dist/modules/node_modules/js-binary-schema-parser/lib/schemas/gif-GNiiqw48.js      2.78 kB │ gzip:  0.99 kB
dist/modules/activities-_hrzS3S6.js                                                2.88 kB │ gzip:  1.30 kB
dist/modules/obs-outputs-DanYShUz.js                                               3.02 kB │ gzip:  1.51 kB
dist/modules/ui/common-h3n1fWSn.js                                                 3.86 kB │ gzip:  1.52 kB
dist/modules/ui/config/gift-clip-export-api-DouznzzO.js                            3.87 kB │ gzip:  1.69 kB
dist/modules/ui/config/gift-picker-BRyC0zO9.js                                     4.27 kB │ gzip:  2.19 kB
dist/modules/ui/config/gift-clip-studio-controller-BkR6XeyS.js                     4.36 kB │ gzip:  2.20 kB
dist/modules/main-pH0iYCSb.js                                                      4.40 kB │ gzip:  2.02 kB
dist/modules/gift-rule-operations-DDrXAEkH.js                                      4.50 kB │ gzip:  1.88 kB
dist/modules/migration-gameplay-units-BruA404r.js                                  4.75 kB │ gzip:  1.83 kB
dist/modules/ui/config/training-center-DB3g935v.js                                 6.04 kB │ gzip:  2.68 kB
dist/modules/ui/config/gift-clip-crop-editor-B4N-V6ls.js                           6.09 kB │ gzip:  2.39 kB
dist/modules/training-D1PvfnBW.js                                                  6.49 kB │ gzip:  4.90 kB
dist/modules/ui/display/blind-box-display-BQPlK2fG.js                              6.57 kB │ gzip:  3.07 kB
dist/modules/ui/config/spotlight-guide-BDZByTTy.js                                 8.18 kB │ gzip:  4.25 kB
dist/modules/backend-CBWJCFQJ.js                                                   8.63 kB │ gzip:  2.87 kB
dist/modules/ui/config/gift-clip-media-CmxD15Z1.js                                 8.75 kB │ gzip:  3.64 kB
dist/modules/simple-play-C_H-DchS.js                                               9.49 kB │ gzip:  3.38 kB
dist/modules/ui/display/display-C8Qo-pcr.js                                       11.09 kB │ gzip:  4.63 kB
dist/modules/migration-FIS5gLWt.js                                                12.64 kB │ gzip:  4.83 kB
dist/modules/storage-DmcLyYfq.js                                                  14.23 kB │ gzip:  5.24 kB
dist/modules/ui/config/activity-workspace-DsyBawAf.js                             14.23 kB │ gzip:  6.04 kB
dist/modules/ui/config/template-wizard-B8tW14Bv.js                                15.12 kB │ gzip:  6.12 kB
dist/modules/ui/config/attribute-edit-lease-CdwL9E4y.js                           16.70 kB │ gzip:  5.42 kB
dist/modules/ui/config/simple-mode-Ns1kneYn.js                                    18.45 kB │ gzip:  7.76 kB
dist/modules/gameplay-templates-DwLXsZsG.js                                       20.47 kB │ gzip:  6.95 kB
dist/modules/data/gift-catalog.json-CTh7OA18.js                                  119.84 kB │ gzip: 34.04 kB
dist/modules/ui/config/config-Db_GwMFo.js                                        121.56 kB │ gzip: 44.82 kB
dist/modules/ui/config/config.css-DYSk_NVI.js                                    205.79 kB │ gzip: 29.45 kB
✓ built in 362ms
